[webwork.ucd.ie/webwork2.html]
[webwork.ucd.ie/webwork2_files/images/favicon.ico]
[webwork.ucd.ie/webwork2_files/js/vendor/bootstrap/css/bootstrap.css]
[webwork.ucd.ie/webwork2_files/js/vendor/bootstrap/css/bootstrap-responsive.css]
[webwork.ucd.ie/webwork2_files/css/vendor/font-awesome/css/font-awesome.min.css]
[webwork.ucd.ie/webwork2_files/themes/math4/math4.css]
[webwork.ucd.ie/webwork2_files/js/vendor/jquery/jquery.js]
[webwork.ucd.ie/webwork2_files/mathjax/MathJax8973.js]
[webwork.ucd.ie/webwork2_files/js/vendor/bootstrap/js/bootstrap.js]
[webwork.ucd.ie/webwork2_files/themes/math4/math4.js]
[backblue.gif]
[fade.gif]
[index.html]
[webwork.ucd.ie/webwork2_files/images/webwork_transparent_logo_small.png]
[webwork.ucd.ie/webwork2_files/images/maa_logo_small.png]
[webwork.ucd.ie/webwork2.html]
[webwork.ucd.ie/webwork2_files/js/vendor/bootstrap/img/glyphicons-halflings.png]
[webwork.ucd.ie/webwork2/index.html]
[webwork.ucd.ie/webwork2/Math-10140-Ghergu/index.html]
[webwork.ucd.ie/webwork2/A-WeBWorK-Introduction/index.html]
[webwork.ucd.ie/webwork2_files/js/vendor/bootstrap/img/glyphicons-halflings-white.png]
[webwork.ucd.ie/webwork2_files/js/vendor/bootstrap/css/bootstrap.css]
[webwork.ucd.ie/webwork2_files/js/vendor/bootstrap/css/bootstrap-responsive.css]
[webwork.ucd.ie/webwork2/Math-10220-Greferath/index.html]
[webwork.ucd.ie/webwork2/Math-10240-Dobbs/index.html]
[webwork.ucd.ie/webwork2/Math-10290-Smigoc/index.html]
[webwork.ucd.ie/webwork2/Math-10260-Greferath/index.html]
[webwork.ucd.ie/webwork2/Math-10320-Levene/index.html]
[webwork.ucd.ie/webwork2/Math-20320-Render/index.html]
[webwork.ucd.ie/webwork2_files/css/vendor/font-awesome/font/fontawesome-webfont3294.eot]
[webwork.ucd.ie/webwork2/MSt-30070-Mellon/index.html]
[webwork.ucd.ie/webwork2_files/css/vendor/font-awesome/font/fontawesome-webfontd41d.eot]
[webwork.ucd.ie/webwork2_files/css/vendor/font-awesome/font/fontawesome-webfont3294.woff]
[webwork.ucd.ie/webwork2_files/css/vendor/font-awesome/font/fontawesome-webfont3294.ttf]
[webwork.ucd.ie/webwork2_files/css/vendor/font-awesome/css/font-awesome.min.css]
[webwork.ucd.ie/webwork2_files/themes/math4/math4.css]
[webwork.ucd.ie/webwork2/index.html]
[webwork.ucd.ie/webwork2/A-WeBWorK-Introduction/index.html]
[webwork.ucd.ie/webwork2/Math-10140-Ghergu/index.html]
[webwork.ucd.ie/webwork2/Math-10220-Greferath/index.html]
[webwork.ucd.ie/webwork2/Math-10240-Dobbs/index.html]
[webwork.ucd.ie/webwork2/Math-10260-Greferath/index.html]
[webwork.ucd.ie/webwork2/Math-10290-Smigoc/index.html]
[webwork.ucd.ie/webwork2/Math-10320-Levene/index.html]
[webwork.ucd.ie/webwork2/Math-20320-Render/index.html]
[webwork.ucd.ie/webwork2/MSt-30070-Mellon/index.html]
